// Jest Snapshot v1, https://goo.gl/fbAQLP

exports[`TEST productNre debe hacer match con el snapShot 1`] = `
<div>
  <div
    class="productView-container"
  >
    <header
      class="Header"
    >
      <div
        class="HeaderContent"
      >
        <h2>
          <a
            href="/products"
          >
            Productos 
          </a>
          &gt; Nuevo Producto
        </h2>
         
      </div>
      <div
        class="HeaderContent"
      />
    </header>
    <div
      class="productView-container_detail"
    >
      <div
        class="productView-container_detailContainerMain"
      />
      <div
        class="productView-container_formContainer"
      >
        <h3>
          Informacion
        </h3>
        <form
          action="submit"
          role="form"
        >
          <label>
            Nombre
          </label>
          <input
            class="inputForm"
            name="title"
            placeholder="inputValue"
            role="title"
            type="text"
            value=""
          />
          <label>
            Valor
          </label>
          <input
            class="inputForm"
            name="price"
            placeholder="inputValue"
            role="price"
            type="number"
            value="0"
          />
          <label>
            Stock
          </label>
          <div>
            <button
              class="buttonStock"
              type="button"
            >
              -
            </button>
            <input
              class="inputForm"
              name="stock"
              placeholder="inputValue"
              role="stock"
              type="number"
              value="0"
            />
            <button
              class="buttonStock"
              type="button"
            >
              +
            </button>
          </div>
          <label>
            Description
          </label>
          <textarea
            class="inputForm"
            name="description"
            placeholder="inputValue"
            rows="12"
            type="text"
          />
          <label>
            Tienda
          </label>
          <select
            class="inputForm"
            id=""
            name=""
          >
            <option
              value="tienda1"
            >
              Olivia Store
            </option>
            <option
              selected=""
              value="store2"
            >
              Store 2
            </option>
            <option
              value="store3"
            >
              Store 3
            </option>
            <option
              value="store4"
            >
              Store 4
            </option>
          </select>
          <h3>
            Galeria de Imagenes
          </h3>
          <label>
            Nueva Imagen
          </label>
          <div
            class="containerUploadImages"
          >
            <input
              class="inputForm "
              id="inputImg"
              name="images"
              type="text"
            />
            <button
              class="subirImage"
              type="button"
            >
              SUBIR IMAGEN
            </button>
          </div>
          <div
            class="productView-container_actualImg"
          >
            <h5>
              Imagenes Actuales
            </h5>
          </div>
          <div
            class="containerSubmitButton"
          >
            <button
              class="submitButton"
              type="button"
            >
              Cancelar
            </button>
            <button
              class="submitButton"
              role="submmitButton"
            >
              Guardar
               
            </button>
          </div>
        </form>
      </div>
    </div>
  </div>
</div>
`;
